[95m[Nest] 86781  - [39m08/31/2026, 7:04:56 AM [95m  DEBUG[39m [38;5;3m[ActivityAggregatorService] [39m[95mCron aggregator sweep: processed 29 notifications (skipped 0).[39m
[95m[Nest] 86781  - [39m08/31/2026, 7:04:56 AM [95m  DEBUG[39m [38;5;3m[ActivityAggregatorService] [39m[95mCron aggregator sweep: processed 29 notifications (skipped 0).[39m
[95m[Nest] 86781  - [39m08/31/2026, 7:04:56 AM [95m  DEBUG[39m [38;5;3m[ActivityAggregatorService] [39m[95mCron aggregator sweep: processed 29 notifications (skipped 0).[39m
[95m[Nest] 86781  - [39m08/31/2026, 7:04:56 AM [95m  DEBUG[39m [38;5;3m[ActivityAggregatorService] [39m[95mCron aggregator sweep: processed 29 notifications (skipped 0).[39m
PASS __tests__/integrity/4-cron-idempotency-max-3-drift.spec.ts
[95m[Nest] 86781  - [39m08/31/2026, 7:04:56 AM [95m  DEBUG[39m [38;5;3m[ActivityAggregatorService] [39m[95mCron aggregator sweep: processed 29 notifications (skipped 0).[39m
[95m[Nest] 86781  - [39m08/31/2026, 7:04:57 AM [95m  DEBUG[39m [38;5;3m[ActivityAggregatorService] [39m[95mCron aggregator sweep: processed 29 notifications (skipped 0).[39m
PASS __tests__/integrity/2-preferences-roundtrip-10x.spec.ts
  ● Console

    console.log
      [Cache] Environment: development

      at new CacheService (src/shared/cache/cache.service.ts:38:13)
          at async Promise.all (index 3)
          at async Promise.all (index 8)

    console.log
      [Cache] REDIS_ENABLED: true

      at new CacheService (src/shared/cache/cache.service.ts:39:13)
          at async Promise.all (index 3)
          at async Promise.all (index 8)

    console.log
      [Cache] Redis URL configured: redis://127.0.0.1:6379

      at new CacheService (src/shared/cache/cache.service.ts:41:13)
          at async Promise.all (index 3)
          at async Promise.all (index 8)

    console.log
      [Cache] Connecting to Redis...

      at CacheService.doConnect (src/shared/cache/cache.service.ts:75:15)
          at Function.from (<anonymous>)

    console.log
      [Cache] Redis connected successfully

      at Class.<anonymous> (src/shared/cache/cache.service.ts:96:17)

PASS __tests__/integrity/1-unique-constraint-duplicate-raise.spec.ts
PASS __tests__/integrity/3-postgres-enum-persists.spec.ts
PASS __tests__/integrity/5-quiet-hours-skip-mocked-utc.spec.ts

Test Suites: 5 passed, 5 total
Tests:       10 passed, 10 total
Snapshots:   0 total
Time:        7.677 s
Ran all test suites matching __tests__/integrity.
